Flutter crash report.
Please report a bug at https://github.com/flutter/flutter/issues.

## command

flutter analyze

## exception

_Exception: Exception: analysis server exited with code -1073740791 and output:
[stderr]   pc 0x0000027ccf5ce338 fp 0x00000085c69fe618 sp 0x00000085c69fe5d8 [Unoptimized] _Future@5048458._completeWithResultOf@5048458
[stderr]   pc 0x0000027ccf5ce156 fp 0x00000085c69fe650 sp 0x00000085c69fe628 [Unoptimized] _Future@5048458._propagateToListeners@5048458.handleWhenCompleteCallback.<anonymous closure>
[stderr]   pc 0x0000027cceac6c76 fp 0x00000085c69fe6d0 sp 0x00000085c69fe660 [Unoptimized] _rootRunUnary@5048458
[stderr]   pc 0x0000027ccf67beea fp 0x00000085c69fe738 sp 0x00000085c69fe6e0 [Unoptimized] _rootRunUnary@5048458
[stderr]   pc 0x0000027cceac6885 fp 0x00000085c69fe7d0 sp 0x00000085c69fe748 [Unoptimized] _CustomZone@5048458.runUnary
[stderr]   pc 0x0000027cceac7336 fp 0x00000085c69fe820 sp 0x00000085c69fe7e0 [Unoptimized] _FutureListener@5048458.handleValue
[stderr]   pc 0x0000027ccf5cd80d fp 0x00000085c69fe8b8 sp 0x00000085c69fe830 [Optimized] _Future@5048458._propagateToListeners@5048458.handleValueCallback
[stderr]   pc 0x0000027cceac5b15 fp 0x00000085c69fe920 sp 0x00000085c69fe8c8 [Optimized] _Future@5048458._propagateToListeners@5048458
[stderr]   pc 0x0000027cceac572b fp 0x00000085c69fe968 sp 0x00000085c69fe930 [Optimized] _Future@5048458._completeWithValue@5048458
[stderr]   pc 0x0000027ccf47119a fp 0x00000085c69fe9a8 sp 0x00000085c69fe978 [Unoptimized] _Future@5048458._asyncCompleteWithValue@5048458.<anonymous closure>
[stderr]   pc 0x0000027ccf5cd293 fp 0x00000085c69fea20 sp 0x00000085c69fe9b8 [Unoptimized] _rootRun@5048458
[stderr]   pc 0x0000027ccf67a1b7 fp 0x00000085c69fea80 sp 0x00000085c69fea30 [Unoptimized] _rootRun@5048458
[stderr]   pc 0x0000027ccf5ccdf2 fp 0x00000085c69feb10 sp 0x00000085c69fea90 [Unoptimized] _CustomZone@5048458.run
[stderr]   pc 0x0000027ccf672b0e fp 0x00000085c69feb80 sp 0x00000085c69feb20 [Unoptimized] _CustomZone@5048458.runGuarded
[stderr]   pc 0x0000027ccf6758ea fp 0x00000085c69febc0 sp 0x00000085c69feb90 [Unoptimized] _CustomZone@5048458.bindCallbackGuarded.<anonymous closure>
[stderr]   pc 0x0000027ccf6761d5 fp 0x00000085c69fec00 sp 0x00000085c69febd0 [Optimized] _microtaskLoop@5048458
[stderr]   pc 0x0000027ccf679a35 fp 0x00000085c69fec40 sp 0x00000085c69fec10 [Unoptimized] _startMicrotaskLoop@5048458
[stderr]   pc 0x0000027ccf679c13 fp 0x00000085c69fec68 sp 0x00000085c69fec50 [Optimized] _startMicrotaskLoop@5048458
[stderr]   pc 0x0000027ccf6c6818 fp 0x00000085c69fecc8 sp 0x00000085c69fec78 [Optimized] _RawReceivePort@1026248._handleMessage@1026248
[stderr]   pc 0x0000027ccfc030ff fp 0x00000085c69fedf0 sp 0x00000085c69fecd8 [Stub] InvokeDartCode

```
```

## flutter doctor

```
[32m[✓][39m Flutter (Channel stable, 3.29.3, on Microsoft Windows [Version 10.0.26200.9457], locale en-US) [578ms]
    [32m•[39m Flutter version 3.29.3 on channel stable at D:\flutter
    [32m•[39m Upstream repository https://github.com/flutter/flutter.git
    [32m•[39m Framework revision ea121f8859 (1 year, 6 months ago), 2025-04-11 19:10:07 +0000
    [32m•[39m Engine revision cf56914b32
    [32m•[39m Dart version 3.7.2
    [32m•[39m DevTools version 2.42.3

[32m[✓][39m Windows Version (Windows 11 or higher, 25H2, 2009) [1,266ms]

[32m[✓][39m Android toolchain - develop for Android devices (Android SDK version 36.0.0) [4.0s]
    [32m•[39m Android SDK at D:\sdk
    [32m•[39m Platform android-36, build-tools 36.0.0
    [32m•[39m Java binary at: C:\Program Files\Android\Android Studio\jbr\bin\java
      This is the JDK bundled with the latest Android Studio installation on this machine.
      To manually set the JDK path, use: `flutter config --jdk-dir="path/to/jdk"`.
    [32m•[39m Java version OpenJDK Runtime Environment (build 21.0.5+-13047016-b750.29)
    [32m•[39m All Android licenses accepted.

[32m[✓][39m Chrome - develop for the web [156ms]
    [32m•[39m Chrome at C:\Program Files\Google\Chrome\Application\chrome.exe

[32m[✓][39m Visual Studio - develop Windows apps (Visual Studio Community 2022 17.14.0) [153ms]
    [32m•[39m Visual Studio at C:\Program Files\Microsoft Visual Studio\2022\Community
    [32m•[39m Visual Studio Community 2022 version 17.14.36109.1
    [32m•[39m Windows 10 SDK version 10.0.26100.0

[32m[✓][39m Android Studio (version 2024.3) [16ms]
    [32m•[39m Android Studio at C:\Program Files\Android\Android Studio
    [32m•[39m Flutter plugin can be installed from:
      🔨 https://plugins.jetbrains.com/plugin/9212-flutter
    [32m•[39m Dart plugin can be installed from:
      🔨 https://plugins.jetbrains.com/plugin/6351-dart
    [32m•[39m Java version OpenJDK Runtime Environment (build 21.0.5+-13047016-b750.29)

[32m[✓][39m VS Code (version unknown) [15ms]
    [32m•[39m VS Code at C:\Users\HP\AppData\Local\Programs\Microsoft VS Code
    [32m•[39m Flutter extension version 3.142.0
    [31m✗[39m Unable to determine VS Code version.

[32m[✓][39m Connected device (3 available) [2.5s]
    [32m•[39m Windows (desktop) • windows • windows-x64    • Microsoft Windows [Version 10.0.26200.9457]
    [32m•[39m Chrome (web)      • chrome  • web-javascript • Google Chrome 154.0.8037.57
    [32m•[39m Edge (web)        • edge    • web-javascript • Microsoft Edge 154.0.4258.37
    [33m![39m Device emulator-5554 is offline.

[32m[✓][39m Network resources [469ms]
    [32m•[39m All expected network resources are available.

[32m•[39m No issues found!
```
