Flutter crash report.
Please report a bug at https://github.com/flutter/flutter/issues.

## command

flutter analyze

## exception

_Exception: Exception: analysis server exited with code -1073740791 and output:
[stdout] {"event":"analysis.errors","params":{"file":"D:\\Cavallo\\social_commerce_app\\build\\path_provider_android\\intermediates\\aapt_friendly_merged_manifests\\debug\\processDebugManifest\\aapt\\AndroidManifest.xml","errors":[]}}
[stdout] {"event":"analysis.errors","params":{"file":"D:\\Cavallo\\social_commerce_app\\build\\path_provider_android\\intermediates\\merged_manifest\\debug\\processDebugManifest\\AndroidManifest.xml","errors":[]}}
[stdout] {"event":"analysis.errors","params":{"file":"D:\\Cavallo\\social_commerce_app\\build\\shared_preferences_android\\intermediates\\aapt_friendly_merged_manifests\\debug\\processDebugManifest\\aapt\\AndroidManifest.xml","errors":[]}}
[stdout] {"event":"analysis.errors","params":{"file":"D:\\Cavallo\\social_commerce_app\\build\\shared_preferences_android\\intermediates\\merged_manifest\\debug\\processDebugManifest\\AndroidManifest.xml","errors":[]}}
[stdout] {"event":"analysis.errors","params":{"file":"D:\\Cavallo\\social_commerce_app\\build\\share_plus\\intermediates\\aapt_friendly_merged_manifests\\debug\\processDebugManifest\\aapt\\AndroidManifest.xml","errors":[]}}
[stdout] {"event":"analysis.errors","params":{"file":"D:\\Cavallo\\social_commerce_app\\build\\share_plus\\intermediates\\merged_manifest\\debug\\processDebugManifest\\AndroidManifest.xml","errors":[]}}
[stdout] {"event":"analysis.errors","params":{"file":"D:\\Cavallo\\social_commerce_app\\pubspec.yaml","errors":[]}}
[stdout] {"event":"server.status","params":{"analysis":{"isAnalyzing":true}}}
[stdout] {"event":"analysis.errors","params":{"file":"D:\\Cavallo\\social_commerce_app\\lib\\core\\chat\\chat_connection_manager.dart","errors":[]}}
[stdout] {"event":"analysis.errors","params":{"file":"D:\\Cavallo\\social_commerce_app\\lib\\core\\chat\\chat_event.dart","errors":[]}}
[stderr] ../../runtime/vm/zone.cc: 96: error: Out of memory.
[stderr] version=3.7.2 (stable) (Tue Mar 11 04:27:50 2025 -0700) on "windows_x64"
[stderr] pid=31700, thread=13976, isolate_group=main(00000243669EC870), isolate=(nil)(0000000000000000)
[stderr] os=windows, arch=x64, comp=no, sim=no
[stderr] isolate_instructions=24369ed0000, vm_instructions=7ff6d8ce9e00
[stderr] fp=75357fda78, sp=75357fda78, pc=7ff6d8f982b2
[stderr]   pc 0x00007ff6d8f982b2 fp 0x00000075357fda78 Dart_DetectNullSafety+0x2a5dc2
[stderr] -- End of DumpStackTrace
[stderr] ../../runtime/vm/zone.cc: 96: error: Out of memory.
[stderr] Aborting reentrant request for stack trace.

```
```

## flutter doctor

```
[32m[✓][39m Flutter (Channel stable, 3.29.3, on Microsoft Windows [Version 10.0.26200.9457], locale en-US) [1,003ms]
    [32m•[39m Flutter version 3.29.3 on channel stable at D:\flutter
    [32m•[39m Upstream repository https://github.com/flutter/flutter.git
    [32m•[39m Framework revision ea121f8859 (1 year, 6 months ago), 2025-04-11 19:10:07 +0000
    [32m•[39m Engine revision cf56914b32
    [32m•[39m Dart version 3.7.2
    [32m•[39m DevTools version 2.42.3

[32m[✓][39m Windows Version (Windows 11 or higher, 25H2, 2009) [1,928ms]

[33m[!][39m Android toolchain - develop for Android devices (Android SDK version 36.0.0) [1,097ms]
    [32m•[39m Android SDK at D:\sdk
    [32m•[39m Platform android-36, build-tools 36.0.0
    [32m•[39m Java binary at: C:\Program Files (x86)\Common Files\Oracle\Java\java8path\java.exe
      This JDK was found in the system PATH.
      To manually set the JDK path, use: `flutter config --jdk-dir="path/to/jdk"`.
    [31m✗[39m Could not determine java version

[32m[✓][39m Chrome - develop for the web [107ms]
    [32m•[39m Chrome at C:\Program Files\Google\Chrome\Application\chrome.exe

[32m[✓][39m Visual Studio - develop Windows apps (Visual Studio Community 2022 17.14.0) [106ms]
    [32m•[39m Visual Studio at C:\Program Files\Microsoft Visual Studio\2022\Community
    [32m•[39m Visual Studio Community 2022 version 17.14.36109.1
    [32m•[39m Windows 10 SDK version 10.0.26100.0

[33m[!][39m Android Studio (version 2024.3) [17ms]
    [32m•[39m Android Studio at C:\Program Files\Android\Android Studio
    [32m•[39m Flutter plugin can be installed from:
      🔨 https://plugins.jetbrains.com/plugin/9212-flutter
    [32m•[39m Dart plugin can be installed from:
      🔨 https://plugins.jetbrains.com/plugin/6351-dart
    [31m✗[39m Unable to determine bundled Java version.
    [32m•[39m Try updating or re-installing Android Studio.

[32m[✓][39m VS Code (version unknown) [16ms]
    [32m•[39m VS Code at C:\Users\HP\AppData\Local\Programs\Microsoft VS Code
    [32m•[39m Flutter extension version 3.142.0
    [31m✗[39m Unable to determine VS Code version.

[32m[✓][39m Connected device (3 available) [457ms]
    [32m•[39m Windows (desktop) • windows • windows-x64    • Microsoft Windows [Version 10.0.26200.9457]
    [32m•[39m Chrome (web)      • chrome  • web-javascript • Google Chrome 154.0.8037.57
    [32m•[39m Edge (web)        • edge    • web-javascript • Microsoft Edge 154.0.4258.37

[32m[✓][39m Network resources [957ms]
    [32m•[39m All expected network resources are available.

[33m![39m Doctor found issues in 2 categories.
```
