#
# There is insufficient memory for the Java Runtime Environment to continue.
# Native memory allocation (mmap) failed to map 536870912 bytes. Error detail: G1 virtual space
# Possible reasons:
#   The system is out of physical RAM or swap space
#   This process is running with CompressedOops enabled, and the Java Heap may be blocking the growth of the native heap
# Possible solutions:
#   Reduce memory load on the system
#   Increase physical memory or swap space
#   Check if swap backing store is full
#   Decrease Java heap size (-Xmx/-Xms)
#   Decrease number of Java threads
#   Decrease Java thread stack sizes (-Xss)
#   Set larger code cache with -XX:ReservedCodeCacheSize=
#   JVM is running with Zero Based Compressed Oops mode in which the Java heap is
#     placed in the first 32GB address space. The Java Heap base address is the
#     maximum limit for the native heap growth. Please use -XX:HeapBaseMinAddress
#     to set the Java Heap base and to place the Java Heap above 32GB virtual address.
# This output file may be truncated or incomplete.
#
#  Out of Memory Error (os_windows.cpp:3828), pid=14996, tid=5192
#
# JRE version:  (21.0.5) (build )
# Java VM: OpenJDK 64-Bit Server VM (21.0.5+-13047016-b750.29, mixed mode, sharing, tiered, compressed oops, compressed class ptrs, g1 gc, windows-amd64)
# No core dump will be written. Minidumps are not enabled by default on client versions of Windows
#

---------------  S U M M A R Y ------------

Command Line: 

Host: Intel(R) Core(TM) i7-9850H CPU @ 2.60GHz, 12 cores, 31G,  Windows 11 , 64 bit Build 26100 (10.0.26100.9444)
Time: Sun Sep 27 10:59:54 2026 Egypt Daylight Time elapsed time: 0.009380 seconds (0d 0h 0m 0s)

---------------  T H R E A D  ---------------

Current thread (0x0000017f7bc52f00):  JavaThread "Unknown thread" [_thread_in_vm, id=5192, stack(0x0000006f06000000,0x0000006f06100000) (1024K)]

Stack: [0x0000006f06000000,0x0000006f06100000]
Native frames: (J=compiled Java code, j=interpreted, Vv=VM code, C=native code)
V  [jvm.dll+0x6cfb29]
V  [jvm.dll+0x85df93]
V  [jvm.dll+0x8604ee]
V  [jvm.dll+0x860bd3]
V  [jvm.dll+0x27e6b6]
V  [jvm.dll+0x6cc385]
V  [jvm.dll+0x6c078a]
V  [jvm.dll+0x35525b]
V  [jvm.dll+0x35ceb6]
V  [jvm.dll+0x3aedd6]
V  [jvm.dll+0x3af0a8]
V  [jvm.dll+0x32792c]
V  [jvm.dll+0x32861b]
V  [jvm.dll+0x8259d9]
V  [jvm.dll+0x3bbfa8]
V  [jvm.dll+0x80ec88]
V  [jvm.dll+0x45015e]
V  [jvm.dll+0x4518c1]
C  [jli.dll+0x52ab]
C  [ucrtbase.dll+0x2cd30]
C  [KERNEL32.DLL+0x2cd87]
C  [ntdll.dll+0xacaec]


---------------  P R O C E S S  ---------------

Threads class SMR info:
_java_thread_list=0x00007ffb56ce0808, length=0, elements={
}

Java Threads: ( => current thread )
Total: 0

Other Threads:
  0x0000017f7dff01c0 WorkerThread "GC Thread#0"                     [id=10980, stack(0x0000006f06100000,0x0000006f06200000) (1024K)]
  0x0000017f7e001790 ConcurrentGCThread "G1 Main Marker"            [id=4364, stack(0x0000006f06200000,0x0000006f06300000) (1024K)]
  0x0000017f7e0021a0 WorkerThread "G1 Conc#0"                       [id=24508, stack(0x0000006f06300000,0x0000006f06400000) (1024K)]

[error occurred during error reporting (printing all threads), id 0xc0000005, EXCEPTION_ACCESS_VIOLATION (0xc0000005) at pc=0x00007ffb564da967]
VM state: not at safepoint (not fully initialized)

VM Mutex/Monitor currently owned by a thread:  ([mutex/lock_event])
[0x00007ffb56d4d460] Heap_lock - owner thread: 0x0000017f7bc52f00

Heap address: 0x0000000602400000, size: 8156 MB, Compressed Oops mode: Zero based, Oop shift amount: 3

CDS archive(s) mapped at: [0x0000000000000000-0x0000000000000000-0x0000000000000000), size 0, SharedBaseAddress: 0x0000000800000000, ArchiveRelocationMode: 1.
Narrow klass base: 0x0000000000000000, Narrow klass shift: 0, Narrow klass range: 0x0

GC Precious Log:
 CardTable entry size: 512
 Card Set container configuration: InlinePtr #cards 4 size 8 Array Of Cards #cards 32 size 80 Howl #buckets 8 coarsen threshold 7372 Howl Bitmap #cards 1024 size 144 coarsen threshold 921 Card regions per heap region 1 cards per card region 8192

Heap:
 garbage-first heap   total 0K, used 0K [0x0000000602400000, 0x0000000800000000)
  region size 4096K, 0 young (0K), 0 survivors (0K)
 Metaspace       used 0K, committed 0K, reserved 0K
  class space    used 0K, committed 0K, reserved 0K

Heap Regions: E=young(eden), S=young(survivor), O=old, HS=humongous(starts), HC=humongous(continues), CS=collection set, F=free, TAMS=top-at-mark-start, PB=parsable bottom

Card table byte_map: [0x0000017f12090000,0x0000017f13080000] _byte_map_base: 0x0000017f0f07e000

Marking Bits: (CMBitMap*) 0x0000017f7dff0fe0
 Bits: [0x0000017f13080000, 0x0000017f1aff0000)

GC Heap History (0 events):
No events

Dll operation events (1 events):
Event: 0.006 Loaded shared library C:\Program Files\Android\Android Studio\jbr\bin\java.dll

Deoptimization events (0 events):
No events

Classes loaded (0 events):
No events

Classes unloaded (0 events):
No events

Classes redefined (0 events):
No events

Internal exceptions (0 events):
No events

ZGC Phase Switch (0 events):
No events

VM Operations (0 events):
No events

Memory protections (0 events):
No events

Nmethod flushes (0 events):
No events

Events (0 events):
No events


Dynamic libraries:
0x00007ff7d6680000 - 0x00007ff7d668a000 	C:\Program Files\Android\Android Studio\jbr\bin\java.EXE
0x00007ffc56660000 - 0x00007ffc568c7000 	C:\WINDOWS\SYSTEM32\ntdll.dll
0x00007ffc55510000 - 0x00007ffc555db000 	C:\WINDOWS\System32\KERNEL32.DLL
0x00007ffc53cf0000 - 0x00007ffc540f2000 	C:\WINDOWS\System32\KERNELBASE.dll
0x00007ffc539d0000 - 0x00007ffc53b1c000 	C:\WINDOWS\System32\ucrtbase.dll
0x00007ffc301c0000 - 0x00007ffc301d8000 	C:\Program Files\Android\Android Studio\jbr\bin\jli.dll
0x00007ffc30160000 - 0x00007ffc3017b000 	C:\Program Files\Android\Android Studio\jbr\bin\VCRUNTIME140.dll
0x00007ffc54380000 - 0x00007ffc5454f000 	C:\WINDOWS\System32\USER32.dll
0x00007ffc53b30000 - 0x00007ffc53b57000 	C:\WINDOWS\System32\win32u.dll
0x00007ffc52910000 - 0x00007ffc52ba0000 	C:\WINDOWS\WinSxS\amd64_microsoft.windows.common-controls_6595b64144ccf1df_6.0.26100.9278_none_3e0d1ba8e3303201\COMCTL32.dll
0x00007ffc56460000 - 0x00007ffc5648b000 	C:\WINDOWS\System32\GDI32.dll
0x00007ffc54c10000 - 0x00007ffc54cb9000 	C:\WINDOWS\System32\msvcrt.dll
0x00007ffc54250000 - 0x00007ffc54379000 	C:\WINDOWS\System32\gdi32full.dll
0x00007ffc53920000 - 0x00007ffc539c3000 	C:\WINDOWS\System32\msvcp_win.dll
0x00007ffc54ce0000 - 0x00007ffc54d11000 	C:\WINDOWS\System32\IMM32.DLL
0x00007ffc3b1e0000 - 0x00007ffc3b1ec000 	C:\Program Files\Android\Android Studio\jbr\bin\vcruntime140_1.dll
0x00007ffbd9ce0000 - 0x00007ffbd9d6d000 	C:\Program Files\Android\Android Studio\jbr\bin\msvcp140.dll
0x00007ffb561a0000 - 0x00007ffb56e2a000 	C:\Program Files\Android\Android Studio\jbr\bin\server\jvm.dll
0x00007ffc54b40000 - 0x00007ffc54bfc000 	C:\WINDOWS\System32\ADVAPI32.dll
0x00007ffc55f90000 - 0x00007ffc56039000 	C:\WINDOWS\System32\sechost.dll
0x00007ffc55e70000 - 0x00007ffc55f88000 	C:\WINDOWS\System32\RPCRT4.dll
0x00007ffc545f0000 - 0x00007ffc54670000 	C:\WINDOWS\System32\WS2_32.dll
0x00007ffc536e0000 - 0x00007ffc5373e000 	C:\WINDOWS\SYSTEM32\POWRPROF.dll
0x00007ffc3c960000 - 0x00007ffc3c996000 	C:\WINDOWS\SYSTEM32\WINMM.dll
0x00007ffc51da0000 - 0x00007ffc51dab000 	C:\WINDOWS\SYSTEM32\VERSION.dll
0x00007ffc536c0000 - 0x00007ffc536d5000 	C:\WINDOWS\SYSTEM32\UMPDC.dll
0x00007ffc51f50000 - 0x00007ffc51f6b000 	C:\WINDOWS\SYSTEM32\kernel.appcore.dll
0x00007ffc3af90000 - 0x00007ffc3af9a000 	C:\Program Files\Android\Android Studio\jbr\bin\jimage.dll
0x00007ffc53050000 - 0x00007ffc5329c000 	C:\WINDOWS\SYSTEM32\DBGHELP.DLL
0x00007ffc56040000 - 0x00007ffc563c5000 	C:\WINDOWS\System32\combase.dll
0x00007ffc553c0000 - 0x00007ffc55499000 	C:\WINDOWS\System32\OLEAUT32.dll
0x00007ffc52f40000 - 0x00007ffc52f7b000 	C:\WINDOWS\SYSTEM32\dbgcore.DLL
0x00007ffc53860000 - 0x00007ffc5390c000 	C:\WINDOWS\System32\bcryptPrimitives.dll
0x00007ffc2bc20000 - 0x00007ffc2bc40000 	C:\Program Files\Android\Android Studio\jbr\bin\java.dll

dbghelp: loaded successfully - version: 4.0.5 - missing functions: none
symbol engine: initialized successfully - sym options: 0x614 - pdb path: .;C:\Program Files\Android\Android Studio\jbr\bin;C:\WINDOWS\SYSTEM32;C:\WINDOWS\WinSxS\amd64_microsoft.windows.common-controls_6595b64144ccf1df_6.0.26100.9278_none_3e0d1ba8e3303201;C:\Program Files\Android\Android Studio\jbr\bin\server

VM Arguments:
java_command: <unknown>
java_class_path (initial): <not set>
Launcher Type: SUN_STANDARD

[Global flags]
     intx CICompilerCount                          = 4                                         {product} {ergonomic}
     uint ConcGCThreads                            = 3                                         {product} {ergonomic}
     uint G1ConcRefinementThreads                  = 10                                        {product} {ergonomic}
   size_t G1HeapRegionSize                         = 4194304                                   {product} {ergonomic}
    uintx GCDrainStackTargetSize                   = 64                                        {product} {ergonomic}
   size_t InitialHeapSize                          = 536870912                                 {product} {ergonomic}
   size_t MarkStackSize                            = 4194304                                   {product} {ergonomic}
   size_t MaxHeapSize                              = 8552185856                                {product} {ergonomic}
   size_t MinHeapDeltaBytes                        = 4194304                                   {product} {ergonomic}
   size_t MinHeapSize                              = 8388608                                   {product} {ergonomic}
    uintx NonNMethodCodeHeapSize                   = 5839372                                {pd product} {ergonomic}
    uintx NonProfiledCodeHeapSize                  = 122909434                              {pd product} {ergonomic}
    uintx ProfiledCodeHeapSize                     = 122909434                              {pd product} {ergonomic}
    uintx ReservedCodeCacheSize                    = 251658240                              {pd product} {ergonomic}
     bool SegmentedCodeCache                       = true                                      {product} {ergonomic}
   size_t SoftMaxHeapSize                          = 8552185856                             {manageable} {ergonomic}
     bool UseCompressedOops                        = true                           {product lp64_product} {ergonomic}
     bool UseG1GC                                  = true                                      {product} {ergonomic}
     bool UseLargePagesIndividualAllocation        = false                                  {pd product} {ergonomic}

Logging:
Log output configuration:
 #0: stdout all=warning uptime,level,tags foldmultilines=false
 #1: stderr all=off uptime,level,tags foldmultilines=false

Environment Variables:
PATH=C:\Program Files (x86)\Common Files\Oracle\Java\java8path;C:\Program Files (x86)\Common Files\Oracle\Java\javapath;C:\Program Files (x86)\Common Files\Intel\Shared Libraries\redist\intel64\compiler;C:\WINDOWS\system32;C:\WINDOWS;C:\WINDOWS\System32\Wbem;C:\WINDOWS\System32\WindowsPowerShell\v1.0\;C:\WINDOWS\System32\OpenSSH\;C:\Program Files\nodejs\;C:\ProgramData\chocolatey\bin;C:\Program Files\Git\cmd;C:\Program Files (x86)\Windows Kits\10\Windows Performance Toolkit\;C:\Program Files\GitHub CLI\;C:\flyctl;C:\mingw64\bin;C:\gettext\bin;;C:\Program Files\dotnet\;C:\Program Files\Docker\Docker\resources\bin;C:\Users\HP\.cargo\bin;C:\Users\HP\AppData\Local\Programs\Python\Python313\Scripts\;C:\Users\HP\AppData\Local\Programs\Python\Python313\;C:\Users\HP\AppData\Local\Programs\Python\Launcher\;C:\Users\HP\AppData\Local\Microsoft\WindowsApps;C:\Users\HP\AppData\Local\Programs\Microsoft VS Code\bin;C:\Users\HP\AppData\Roaming\npm;C:\Users\HP\AppData\Local\Programs\Python\Python313\Scripts;C:\Program Files\JetBrains\PyCharm 2025.1.1\bin;;D:\flutter\bin;C:\Users\HP\AppData\Local\Pub\Cache\bin;C:\tools\dart-sdk\bin;C:\Program Files\heroku\bin;C:\Users\HP\.fly\bin;C:\Users\HP\AppData\Local\Python\bin;C:\Users\HP\AppData\Local\Microsoft\WinGet\Links;;D:\flutter\bin\mingit\cmd
USERNAME=HP
OS=Windows_NT
PROCESSOR_IDENTIFIER=Intel64 Family 6 Model 158 Stepping 13, GenuineIntel
TMP=C:\Users\HP\AppData\Local\Temp
TEMP=C:\Users\HP\AppData\Local\Temp




Periodic native trim disabled

JNI global refs:
JNI global refs: 0, weak refs: 0

JNI global refs memory usage: 0, weak refs: 0

Process memory usage:
Resident Set Size: 13208K (0% of 33397916K total physical memory with 15496464K free physical memory)

OOME stack traces (most recent first):
Classloader memory used:

---------------  S Y S T E M  ---------------

OS:
 Windows 11 , 64 bit Build 26100 (10.0.26100.9444)
OS uptime: 0 days 17:52 hours
Hyper-V role detected

CPU: total 12 (initial active 12) (6 cores per cpu, 2 threads per core) family 6 model 158 stepping 13 microcode 0x100, cx8, cmov, fxsr, ht, mmx, 3dnowpref, sse, sse2, sse3, ssse3, sse4.1, sse4.2, popcnt, lzcnt, tsc, tscinvbit, avx, avx2, aes, erms, clmul, bmi1, bmi2, adx, fma, vzeroupper, clflush, clflushopt, hv, rdtscp, f16c
Processor Information for all 12 processors :
  Max Mhz: 2592, Current Mhz: 2592, Mhz Limit: 2592

Memory: 4k page, system-wide physical 32615M (15133M free)
TotalPageFile size 74910M (AvailPageFile size 351M)
current process WorkingSet (physical memory assigned to process): 12M, peak: 12M
current process commit charge ("private bytes"): 64M, peak: 576M

vm_info: OpenJDK 64-Bit Server VM (21.0.5+-13047016-b750.29) for windows-amd64 JRE (21.0.5+-13047016-b750.29), built on 2025-02-11T21:12:39Z by "builder" with MS VC++ 16.10 / 16.11 (VS2019)

END.
